PHPUnit 3.6.10 by Sebastian Bergmann.

Configuration read from /var/www/repositorios/CharConvert/tests/phpunit.xml

........

Time: 0 seconds, Memory: 5.50Mb

OK (8 tests, 8 assertions)
